------------------------------------------------------------
Timing Analyzer Summary
------------------------------------------------------------

Type  : Slow 1100mV 85C Model Setup 'op[0]'
Slack : -3.528
TNS   : -13.656

Type  : Slow 1100mV 85C Model Hold 'op[0]'
Slack : 0.839
TNS   : 0.000

Type  : Slow 1100mV 85C Model Minimum Pulse Width 'op[0]'
Slack : 0.340
TNS   : 0.000

Type  : Slow 1100mV 0C Model Setup 'op[0]'
Slack : -3.568
TNS   : -13.574

Type  : Slow 1100mV 0C Model Hold 'op[0]'
Slack : 0.727
TNS   : 0.000

Type  : Slow 1100mV 0C Model Minimum Pulse Width 'op[0]'
Slack : 0.316
TNS   : 0.000

Type  : Fast 1100mV 85C Model Setup 'op[0]'
Slack : -2.353
TNS   : -9.109

Type  : Fast 1100mV 85C Model Hold 'op[0]'
Slack : 0.496
TNS   : 0.000

Type  : Fast 1100mV 85C Model Minimum Pulse Width 'op[0]'
Slack : 0.021
TNS   : 0.000

Type  : Fast 1100mV 0C Model Setup 'op[0]'
Slack : -2.108
TNS   : -8.209

Type  : Fast 1100mV 0C Model Hold 'op[0]'
Slack : 0.388
TNS   : 0.000

Type  : Fast 1100mV 0C Model Minimum Pulse Width 'op[0]'
Slack : 0.016
TNS   : 0.000

------------------------------------------------------------
