------------------------------------------------------------
Timing Analyzer Summary
------------------------------------------------------------

Type  : Slow 1100mV 85C Model Setup 'clk'
Slack : -6.316
TNS   : -106.437

Type  : Slow 1100mV 85C Model Setup 'Cloks:divisorFrecuencia|C_1Hz'
Slack : -3.956
TNS   : -132.518

Type  : Slow 1100mV 85C Model Hold 'clk'
Slack : 0.469
TNS   : 0.000

Type  : Slow 1100mV 85C Model Hold 'Cloks:divisorFrecuencia|C_1Hz'
Slack : 0.649
TNS   : 0.000

Type  : Slow 1100mV 85C Model Recovery 'Cloks:divisorFrecuencia|C_1Hz'
Slack : -3.517
TNS   : -78.283

Type  : Slow 1100mV 85C Model Removal 'Cloks:divisorFrecuencia|C_1Hz'
Slack : 0.747
TNS   : 0.000

Type  : Slow 1100mV 85C Model Minimum Pulse Width 'clk'
Slack : -0.429
TNS   : -13.786

Type  : Slow 1100mV 85C Model Minimum Pulse Width 'Cloks:divisorFrecuencia|C_1Hz'
Slack : -0.394
TNS   : -30.424

Type  : Slow 1100mV 0C Model Setup 'clk'
Slack : -6.521
TNS   : -107.296

Type  : Slow 1100mV 0C Model Setup 'Cloks:divisorFrecuencia|C_1Hz'
Slack : -4.011
TNS   : -133.425

Type  : Slow 1100mV 0C Model Hold 'clk'
Slack : 0.457
TNS   : 0.000

Type  : Slow 1100mV 0C Model Hold 'Cloks:divisorFrecuencia|C_1Hz'
Slack : 0.647
TNS   : 0.000

Type  : Slow 1100mV 0C Model Recovery 'Cloks:divisorFrecuencia|C_1Hz'
Slack : -3.517
TNS   : -76.213

Type  : Slow 1100mV 0C Model Removal 'Cloks:divisorFrecuencia|C_1Hz'
Slack : 0.773
TNS   : 0.000

Type  : Slow 1100mV 0C Model Minimum Pulse Width 'clk'
Slack : -0.438
TNS   : -14.847

Type  : Slow 1100mV 0C Model Minimum Pulse Width 'Cloks:divisorFrecuencia|C_1Hz'
Slack : -0.394
TNS   : -30.018

Type  : Fast 1100mV 85C Model Setup 'clk'
Slack : -3.578
TNS   : -50.844

Type  : Fast 1100mV 85C Model Setup 'Cloks:divisorFrecuencia|C_1Hz'
Slack : -1.978
TNS   : -63.459

Type  : Fast 1100mV 85C Model Hold 'clk'
Slack : 0.259
TNS   : 0.000

Type  : Fast 1100mV 85C Model Hold 'Cloks:divisorFrecuencia|C_1Hz'
Slack : 0.301
TNS   : 0.000

Type  : Fast 1100mV 85C Model Recovery 'Cloks:divisorFrecuencia|C_1Hz'
Slack : -1.681
TNS   : -38.428

Type  : Fast 1100mV 85C Model Removal 'Cloks:divisorFrecuencia|C_1Hz'
Slack : 0.432
TNS   : 0.000

Type  : Fast 1100mV 85C Model Minimum Pulse Width 'clk'
Slack : -0.434
TNS   : -2.728

Type  : Fast 1100mV 85C Model Minimum Pulse Width 'Cloks:divisorFrecuencia|C_1Hz'
Slack : -0.051
TNS   : -0.064

Type  : Fast 1100mV 0C Model Setup 'clk'
Slack : -3.283
TNS   : -45.884

Type  : Fast 1100mV 0C Model Setup 'Cloks:divisorFrecuencia|C_1Hz'
Slack : -1.855
TNS   : -57.045

Type  : Fast 1100mV 0C Model Hold 'clk'
Slack : 0.237
TNS   : 0.000

Type  : Fast 1100mV 0C Model Hold 'Cloks:divisorFrecuencia|C_1Hz'
Slack : 0.287
TNS   : 0.000

Type  : Fast 1100mV 0C Model Recovery 'Cloks:divisorFrecuencia|C_1Hz'
Slack : -1.490
TNS   : -33.805

Type  : Fast 1100mV 0C Model Removal 'Cloks:divisorFrecuencia|C_1Hz'
Slack : 0.387
TNS   : 0.000

Type  : Fast 1100mV 0C Model Minimum Pulse Width 'clk'
Slack : -0.430
TNS   : -2.671

Type  : Fast 1100mV 0C Model Minimum Pulse Width 'Cloks:divisorFrecuencia|C_1Hz'
Slack : 0.006
TNS   : 0.000

------------------------------------------------------------
