Analysis & Elaboration report for laboratorio4
Thu Oct 07 00:16:19 2021
Quartus Prime Version 20.1.1 Build 720 11/11/2020 SJ Lite Edition


---------------------
; Table of Contents ;
---------------------
  1. Legal Notice
  2. Analysis & Elaboration Summary
  3. Parallel Compilation
  4. Parameter Settings for User Entity Instance: Counter:timer
  5. Parameter Settings for User Entity Instance: Counter:monedasCien
  6. Parameter Settings for User Entity Instance: Counter_5:monedasQuinientos
  7. Parameter Settings for User Entity Instance: sumador_completo:sumador
  8. Parameter Settings for User Entity Instance: restador_completo:restador
  9. Parameter Settings for User Entity Instance: Mux_2_to_1:mux21
 10. Parameter Settings for User Entity Instance: Register:state_reg
 11. Parameter Settings for User Entity Instance: Comparator_mayor_equal:precioExpreso
 12. Parameter Settings for User Entity Instance: Comparator_mayor_equal:precioCafeLeche
 13. Parameter Settings for User Entity Instance: Comparator_mayor_equal:precioCapuccino
 14. Parameter Settings for User Entity Instance: Comparator_mayor_equal:precioChocolate
 15. Parameter Settings for User Entity Instance: Comparator_mayor_equal:precioMax
 16. Parameter Settings for User Entity Instance: Comparator_mayor_equal:verificarTiempos
 17. Analysis & Elaboration Settings
 18. Port Connectivity Checks: "bin2bcd:bcd_deco"
 19. Port Connectivity Checks: "Comparator_mayor_equal:verificarTiempos"
 20. Port Connectivity Checks: "Comparator_mayor_equal:precioMax"
 21. Port Connectivity Checks: "Comparator_mayor_equal:precioChocolate"
 22. Port Connectivity Checks: "Comparator_mayor_equal:precioCapuccino"
 23. Port Connectivity Checks: "Comparator_mayor_equal:precioCafeLeche"
 24. Port Connectivity Checks: "Comparator_mayor_equal:precioExpreso"
 25. Port Connectivity Checks: "restador_completo:restador"
 26. Port Connectivity Checks: "sumador_completo:sumador"
 27. Port Connectivity Checks: "Counter:timer"
 28. Analysis & Elaboration Messages



----------------
; Legal Notice ;
----------------
Copyright (C) 2020  Intel Corporation. All rights reserved.
Your use of Intel Corporation's design tools, logic functions 
and other software and tools, and any partner logic 
functions, and any output files from any of the foregoing 
(including device programming or simulation files), and any 
associated documentation or information are expressly subject 
to the terms and conditions of the Intel Program License 
Subscription Agreement, the Intel Quartus Prime License Agreement,
the Intel FPGA IP License Agreement, or other applicable license
agreement, including, without limitation, that your use is for
the sole purpose of programming logic devices manufactured by
Intel and sold by Intel or its authorized distributors.  Please
refer to the applicable agreement for further details, at
https://fpgasoftware.intel.com/eula.



+-----------------------------------------------------------------------------+
; Analysis & Elaboration Summary                                              ;
+-------------------------------+---------------------------------------------+
; Analysis & Elaboration Status ; Successful - Thu Oct 07 00:16:19 2021       ;
; Quartus Prime Version         ; 20.1.1 Build 720 11/11/2020 SJ Lite Edition ;
; Revision Name                 ; laboratorio4                                ;
; Top-level Entity Name         ; maquina_cafe                                ;
; Family                        ; Cyclone V                                   ;
; Logic utilization (in ALMs)   ; N/A until Partition Merge                   ;
; Total registers               ; N/A until Partition Merge                   ;
; Total pins                    ; N/A until Partition Merge                   ;
; Total virtual pins            ; N/A until Partition Merge                   ;
; Total block memory bits       ; N/A until Partition Merge                   ;
; Total PLLs                    ; N/A until Partition Merge                   ;
; Total DLLs                    ; N/A until Partition Merge                   ;
+-------------------------------+---------------------------------------------+


+------------------------------------------+
; Parallel Compilation                     ;
+----------------------------+-------------+
; Processors                 ; Number      ;
+----------------------------+-------------+
; Number detected on machine ; 12          ;
; Maximum allowed            ; 6           ;
;                            ;             ;
; Average used               ; 1.00        ;
; Maximum used               ; 1           ;
;                            ;             ;
; Usage by Processor         ; % Time Used ;
;     Processor 1            ; 100.0%      ;
+----------------------------+-------------+


+------------------------------------------------------------+
; Parameter Settings for User Entity Instance: Counter:timer ;
+----------------+-------+-----------------------------------+
; Parameter Name ; Value ; Type                              ;
+----------------+-------+-----------------------------------+
; N              ; 8     ; Signed Integer                    ;
+----------------+-------+-----------------------------------+
Note: In order to hide this table in the UI and the text report file, please set the "Show Parameter Settings in Synthesis Report" option in "Analysis and Synthesis Settings -> More Settings" to "Off".


+------------------------------------------------------------------+
; Parameter Settings for User Entity Instance: Counter:monedasCien ;
+----------------+-------+-----------------------------------------+
; Parameter Name ; Value ; Type                                    ;
+----------------+-------+-----------------------------------------+
; N              ; 8     ; Signed Integer                          ;
+----------------+-------+-----------------------------------------+
Note: In order to hide this table in the UI and the text report file, please set the "Show Parameter Settings in Synthesis Report" option in "Analysis and Synthesis Settings -> More Settings" to "Off".


+--------------------------------------------------------------------------+
; Parameter Settings for User Entity Instance: Counter_5:monedasQuinientos ;
+----------------+-------+-------------------------------------------------+
; Parameter Name ; Value ; Type                                            ;
+----------------+-------+-------------------------------------------------+
; N              ; 8     ; Signed Integer                                  ;
+----------------+-------+-------------------------------------------------+
Note: In order to hide this table in the UI and the text report file, please set the "Show Parameter Settings in Synthesis Report" option in "Analysis and Synthesis Settings -> More Settings" to "Off".


+-----------------------------------------------------------------------+
; Parameter Settings for User Entity Instance: sumador_completo:sumador ;
+----------------+-------+----------------------------------------------+
; Parameter Name ; Value ; Type                                         ;
+----------------+-------+----------------------------------------------+
; N              ; 8     ; Signed Integer                               ;
+----------------+-------+----------------------------------------------+
Note: In order to hide this table in the UI and the text report file, please set the "Show Parameter Settings in Synthesis Report" option in "Analysis and Synthesis Settings -> More Settings" to "Off".


+-------------------------------------------------------------------------+
; Parameter Settings for User Entity Instance: restador_completo:restador ;
+----------------+-------+------------------------------------------------+
; Parameter Name ; Value ; Type                                           ;
+----------------+-------+------------------------------------------------+
; N              ; 8     ; Signed Integer                                 ;
+----------------+-------+------------------------------------------------+
Note: In order to hide this table in the UI and the text report file, please set the "Show Parameter Settings in Synthesis Report" option in "Analysis and Synthesis Settings -> More Settings" to "Off".


+---------------------------------------------------------------+
; Parameter Settings for User Entity Instance: Mux_2_to_1:mux21 ;
+----------------+-------+--------------------------------------+
; Parameter Name ; Value ; Type                                 ;
+----------------+-------+--------------------------------------+
; N              ; 8     ; Signed Integer                       ;
+----------------+-------+--------------------------------------+
Note: In order to hide this table in the UI and the text report file, please set the "Show Parameter Settings in Synthesis Report" option in "Analysis and Synthesis Settings -> More Settings" to "Off".


+-----------------------------------------------------------------+
; Parameter Settings for User Entity Instance: Register:state_reg ;
+----------------+-------+----------------------------------------+
; Parameter Name ; Value ; Type                                   ;
+----------------+-------+----------------------------------------+
; N              ; 8     ; Signed Integer                         ;
+----------------+-------+----------------------------------------+
Note: In order to hide this table in the UI and the text report file, please set the "Show Parameter Settings in Synthesis Report" option in "Analysis and Synthesis Settings -> More Settings" to "Off".


+-----------------------------------------------------------------------------------+
; Parameter Settings for User Entity Instance: Comparator_mayor_equal:precioExpreso ;
+----------------+-------+----------------------------------------------------------+
; Parameter Name ; Value ; Type                                                     ;
+----------------+-------+----------------------------------------------------------+
; N              ; 8     ; Signed Integer                                           ;
+----------------+-------+----------------------------------------------------------+
Note: In order to hide this table in the UI and the text report file, please set the "Show Parameter Settings in Synthesis Report" option in "Analysis and Synthesis Settings -> More Settings" to "Off".


+-------------------------------------------------------------------------------------+
; Parameter Settings for User Entity Instance: Comparator_mayor_equal:precioCafeLeche ;
+----------------+-------+------------------------------------------------------------+
; Parameter Name ; Value ; Type                                                       ;
+----------------+-------+------------------------------------------------------------+
; N              ; 8     ; Signed Integer                                             ;
+----------------+-------+------------------------------------------------------------+
Note: In order to hide this table in the UI and the text report file, please set the "Show Parameter Settings in Synthesis Report" option in "Analysis and Synthesis Settings -> More Settings" to "Off".


+-------------------------------------------------------------------------------------+
; Parameter Settings for User Entity Instance: Comparator_mayor_equal:precioCapuccino ;
+----------------+-------+------------------------------------------------------------+
; Parameter Name ; Value ; Type                                                       ;
+----------------+-------+------------------------------------------------------------+
; N              ; 8     ; Signed Integer                                             ;
+----------------+-------+------------------------------------------------------------+
Note: In order to hide this table in the UI and the text report file, please set the "Show Parameter Settings in Synthesis Report" option in "Analysis and Synthesis Settings -> More Settings" to "Off".


+-------------------------------------------------------------------------------------+
; Parameter Settings for User Entity Instance: Comparator_mayor_equal:precioChocolate ;
+----------------+-------+------------------------------------------------------------+
; Parameter Name ; Value ; Type                                                       ;
+----------------+-------+------------------------------------------------------------+
; N              ; 8     ; Signed Integer                                             ;
+----------------+-------+------------------------------------------------------------+
Note: In order to hide this table in the UI and the text report file, please set the "Show Parameter Settings in Synthesis Report" option in "Analysis and Synthesis Settings -> More Settings" to "Off".


+-------------------------------------------------------------------------------+
; Parameter Settings for User Entity Instance: Comparator_mayor_equal:precioMax ;
+----------------+-------+------------------------------------------------------+
; Parameter Name ; Value ; Type                                                 ;
+----------------+-------+------------------------------------------------------+
; N              ; 8     ; Signed Integer                                       ;
+----------------+-------+------------------------------------------------------+
Note: In order to hide this table in the UI and the text report file, please set the "Show Parameter Settings in Synthesis Report" option in "Analysis and Synthesis Settings -> More Settings" to "Off".


+--------------------------------------------------------------------------------------+
; Parameter Settings for User Entity Instance: Comparator_mayor_equal:verificarTiempos ;
+----------------+-------+-------------------------------------------------------------+
; Parameter Name ; Value ; Type                                                        ;
+----------------+-------+-------------------------------------------------------------+
; N              ; 8     ; Signed Integer                                              ;
+----------------+-------+-------------------------------------------------------------+
Note: In order to hide this table in the UI and the text report file, please set the "Show Parameter Settings in Synthesis Report" option in "Analysis and Synthesis Settings -> More Settings" to "Off".


+---------------------------------------------------------------------------------------------------------------------------+
; Analysis & Elaboration Settings                                                                                           ;
+---------------------------------------------------------------------------------+--------------------+--------------------+
; Option                                                                          ; Setting            ; Default Value      ;
+---------------------------------------------------------------------------------+--------------------+--------------------+
; Device                                                                          ; 5CSEMA5F31C6       ;                    ;
; Top-level entity name                                                           ; maquina_cafe       ; laboratorio4       ;
; Family name                                                                     ; Cyclone V          ; Cyclone V          ;
; Use smart compilation                                                           ; Off                ; Off                ;
; Enable parallel Assembler and Timing Analyzer during compilation                ; On                 ; On                 ;
; Enable compact report table                                                     ; Off                ; Off                ;
; Restructure Multiplexers                                                        ; Auto               ; Auto               ;
; MLAB Add Timing Constraints For Mixed-Port Feed-Through Mode Setting Don't Care ; Off                ; Off                ;
; Create Debugging Nodes for IP Cores                                             ; Off                ; Off                ;
; Preserve fewer node names                                                       ; On                 ; On                 ;
; Intel FPGA IP Evaluation Mode                                                   ; Enable             ; Enable             ;
; Verilog Version                                                                 ; Verilog_2001       ; Verilog_2001       ;
; VHDL Version                                                                    ; VHDL_1993          ; VHDL_1993          ;
; State Machine Processing                                                        ; Auto               ; Auto               ;
; Safe State Machine                                                              ; Off                ; Off                ;
; Extract Verilog State Machines                                                  ; On                 ; On                 ;
; Extract VHDL State Machines                                                     ; On                 ; On                 ;
; Ignore Verilog initial constructs                                               ; Off                ; Off                ;
; Iteration limit for constant Verilog loops                                      ; 5000               ; 5000               ;
; Iteration limit for non-constant Verilog loops                                  ; 250                ; 250                ;
; Add Pass-Through Logic to Inferred RAMs                                         ; On                 ; On                 ;
; Infer RAMs from Raw Logic                                                       ; On                 ; On                 ;
; Parallel Synthesis                                                              ; On                 ; On                 ;
; DSP Block Balancing                                                             ; Auto               ; Auto               ;
; NOT Gate Push-Back                                                              ; On                 ; On                 ;
; Power-Up Don't Care                                                             ; On                 ; On                 ;
; Remove Redundant Logic Cells                                                    ; Off                ; Off                ;
; Remove Duplicate Registers                                                      ; On                 ; On                 ;
; Ignore CARRY Buffers                                                            ; Off                ; Off                ;
; Ignore CASCADE Buffers                                                          ; Off                ; Off                ;
; Ignore GLOBAL Buffers                                                           ; Off                ; Off                ;
; Ignore ROW GLOBAL Buffers                                                       ; Off                ; Off                ;
; Ignore LCELL Buffers                                                            ; Off                ; Off                ;
; Ignore SOFT Buffers                                                             ; On                 ; On                 ;
; Limit AHDL Integers to 32 Bits                                                  ; Off                ; Off                ;
; Optimization Technique                                                          ; Balanced           ; Balanced           ;
; Carry Chain Length                                                              ; 70                 ; 70                 ;
; Auto Carry Chains                                                               ; On                 ; On                 ;
; Auto Open-Drain Pins                                                            ; On                 ; On                 ;
; Perform WYSIWYG Primitive Resynthesis                                           ; Off                ; Off                ;
; Auto ROM Replacement                                                            ; On                 ; On                 ;
; Auto RAM Replacement                                                            ; On                 ; On                 ;
; Auto DSP Block Replacement                                                      ; On                 ; On                 ;
; Auto Shift Register Replacement                                                 ; Auto               ; Auto               ;
; Allow Shift Register Merging across Hierarchies                                 ; Auto               ; Auto               ;
; Auto Clock Enable Replacement                                                   ; On                 ; On                 ;
; Strict RAM Replacement                                                          ; Off                ; Off                ;
; Allow Synchronous Control Signals                                               ; On                 ; On                 ;
; Force Use of Synchronous Clear Signals                                          ; Off                ; Off                ;
; Auto Resource Sharing                                                           ; Off                ; Off                ;
; Allow Any RAM Size For Recognition                                              ; Off                ; Off                ;
; Allow Any ROM Size For Recognition                                              ; Off                ; Off                ;
; Allow Any Shift Register Size For Recognition                                   ; Off                ; Off                ;
; Use LogicLock Constraints during Resource Balancing                             ; On                 ; On                 ;
; Ignore translate_off and synthesis_off directives                               ; Off                ; Off                ;
; Timing-Driven Synthesis                                                         ; On                 ; On                 ;
; Report Parameter Settings                                                       ; On                 ; On                 ;
; Report Source Assignments                                                       ; On                 ; On                 ;
; Report Connectivity Checks                                                      ; On                 ; On                 ;
; Ignore Maximum Fan-Out Assignments                                              ; Off                ; Off                ;
; Synchronization Register Chain Length                                           ; 3                  ; 3                  ;
; Power Optimization During Synthesis                                             ; Normal compilation ; Normal compilation ;
; HDL message level                                                               ; Level2             ; Level2             ;
; Suppress Register Optimization Related Messages                                 ; Off                ; Off                ;
; Number of Removed Registers Reported in Synthesis Report                        ; 5000               ; 5000               ;
; Number of Swept Nodes Reported in Synthesis Report                              ; 5000               ; 5000               ;
; Number of Inverted Registers Reported in Synthesis Report                       ; 100                ; 100                ;
; Clock MUX Protection                                                            ; On                 ; On                 ;
; Auto Gated Clock Conversion                                                     ; Off                ; Off                ;
; Block Design Naming                                                             ; Auto               ; Auto               ;
; SDC constraint protection                                                       ; Off                ; Off                ;
; Synthesis Effort                                                                ; Auto               ; Auto               ;
; Shift Register Replacement - Allow Asynchronous Clear Signal                    ; On                 ; On                 ;
; Pre-Mapping Resynthesis Optimization                                            ; Off                ; Off                ;
; Analysis & Synthesis Message Level                                              ; Medium             ; Medium             ;
; Disable Register Merging Across Hierarchies                                     ; Auto               ; Auto               ;
; Resource Aware Inference For Block RAM                                          ; On                 ; On                 ;
; Automatic Parallel Synthesis                                                    ; On                 ; On                 ;
; Partial Reconfiguration Bitstream ID                                            ; Off                ; Off                ;
+---------------------------------------------------------------------------------+--------------------+--------------------+


+----------------------------------------------------------------------------------------------------------------------+
; Port Connectivity Checks: "bin2bcd:bcd_deco"                                                                         ;
+------------+--------+----------+-------------------------------------------------------------------------------------+
; Port       ; Type   ; Severity ; Details                                                                             ;
+------------+--------+----------+-------------------------------------------------------------------------------------+
; bcd[11..8] ; Output ; Info     ; Connected to dangling logic. Logic that only feeds a dangling port will be removed. ;
+------------+--------+----------+-------------------------------------------------------------------------------------+


+---------------------------------------------------------------------+
; Port Connectivity Checks: "Comparator_mayor_equal:verificarTiempos" ;
+---------+-------+----------+----------------------------------------+
; Port    ; Type  ; Severity ; Details                                ;
+---------+-------+----------+----------------------------------------+
; B[7..2] ; Input ; Info     ; Stuck at GND                           ;
+---------+-------+----------+----------------------------------------+


+-----------------------------------------------------------------------------------------------------------------------------------------------------------------------------------------------------------------+
; Port Connectivity Checks: "Comparator_mayor_equal:precioMax"                                                                                                                                                    ;
+---------+-------+----------+------------------------------------------------------------------------------------------------------------------------------------------------------------------------------------+
; Port    ; Type  ; Severity ; Details                                                                                                                                                                            ;
+---------+-------+----------+------------------------------------------------------------------------------------------------------------------------------------------------------------------------------------+
; B       ; Input ; Warning  ; Input port expression (32 bits) is wider than the input port (8 bits) it drives.  The 24 most-significant bit(s) in the expression will be dangling if they have no other fanouts. ;
; B[1..0] ; Input ; Info     ; Stuck at VCC                                                                                                                                                                       ;
; B[7..4] ; Input ; Info     ; Stuck at GND                                                                                                                                                                       ;
; B[3]    ; Input ; Info     ; Stuck at VCC                                                                                                                                                                       ;
; B[2]    ; Input ; Info     ; Stuck at GND                                                                                                                                                                       ;
+---------+-------+----------+------------------------------------------------------------------------------------------------------------------------------------------------------------------------------------+


+-----------------------------------------------------------------------------------------------------------------------------------------------------------------------------------------------------------------+
; Port Connectivity Checks: "Comparator_mayor_equal:precioChocolate"                                                                                                                                              ;
+---------+-------+----------+------------------------------------------------------------------------------------------------------------------------------------------------------------------------------------+
; Port    ; Type  ; Severity ; Details                                                                                                                                                                            ;
+---------+-------+----------+------------------------------------------------------------------------------------------------------------------------------------------------------------------------------------+
; B       ; Input ; Warning  ; Input port expression (32 bits) is wider than the input port (8 bits) it drives.  The 24 most-significant bit(s) in the expression will be dangling if they have no other fanouts. ;
; B[2..0] ; Input ; Info     ; Stuck at VCC                                                                                                                                                                       ;
; B[7..3] ; Input ; Info     ; Stuck at GND                                                                                                                                                                       ;
+---------+-------+----------+------------------------------------------------------------------------------------------------------------------------------------------------------------------------------------+


+-----------------------------------------------------------------------------------------------------------------------------------------------------------------------------------------------------------------+
; Port Connectivity Checks: "Comparator_mayor_equal:precioCapuccino"                                                                                                                                              ;
+---------+-------+----------+------------------------------------------------------------------------------------------------------------------------------------------------------------------------------------+
; Port    ; Type  ; Severity ; Details                                                                                                                                                                            ;
+---------+-------+----------+------------------------------------------------------------------------------------------------------------------------------------------------------------------------------------+
; B       ; Input ; Warning  ; Input port expression (32 bits) is wider than the input port (8 bits) it drives.  The 24 most-significant bit(s) in the expression will be dangling if they have no other fanouts. ;
; B[7..3] ; Input ; Info     ; Stuck at GND                                                                                                                                                                       ;
; B[2]    ; Input ; Info     ; Stuck at VCC                                                                                                                                                                       ;
; B[1]    ; Input ; Info     ; Stuck at GND                                                                                                                                                                       ;
; B[0]    ; Input ; Info     ; Stuck at VCC                                                                                                                                                                       ;
+---------+-------+----------+------------------------------------------------------------------------------------------------------------------------------------------------------------------------------------+


+-----------------------------------------------------------------------------------------------------------------------------------------------------------------------------------------------------------------+
; Port Connectivity Checks: "Comparator_mayor_equal:precioCafeLeche"                                                                                                                                              ;
+---------+-------+----------+------------------------------------------------------------------------------------------------------------------------------------------------------------------------------------+
; Port    ; Type  ; Severity ; Details                                                                                                                                                                            ;
+---------+-------+----------+------------------------------------------------------------------------------------------------------------------------------------------------------------------------------------+
; B       ; Input ; Warning  ; Input port expression (32 bits) is wider than the input port (8 bits) it drives.  The 24 most-significant bit(s) in the expression will be dangling if they have no other fanouts. ;
; B[7..3] ; Input ; Info     ; Stuck at GND                                                                                                                                                                       ;
; B[1..0] ; Input ; Info     ; Stuck at GND                                                                                                                                                                       ;
; B[2]    ; Input ; Info     ; Stuck at VCC                                                                                                                                                                       ;
+---------+-------+----------+------------------------------------------------------------------------------------------------------------------------------------------------------------------------------------+


+-----------------------------------------------------------------------------------------------------------------------------------------------------------------------------------------------------------------+
; Port Connectivity Checks: "Comparator_mayor_equal:precioExpreso"                                                                                                                                                ;
+---------+-------+----------+------------------------------------------------------------------------------------------------------------------------------------------------------------------------------------+
; Port    ; Type  ; Severity ; Details                                                                                                                                                                            ;
+---------+-------+----------+------------------------------------------------------------------------------------------------------------------------------------------------------------------------------------+
; B       ; Input ; Warning  ; Input port expression (32 bits) is wider than the input port (8 bits) it drives.  The 24 most-significant bit(s) in the expression will be dangling if they have no other fanouts. ;
; B[1..0] ; Input ; Info     ; Stuck at VCC                                                                                                                                                                       ;
; B[7..2] ; Input ; Info     ; Stuck at GND                                                                                                                                                                       ;
+---------+-------+----------+------------------------------------------------------------------------------------------------------------------------------------------------------------------------------------+


+------------------------------------------------------------------------------------------------------------------------------------------------------------------------------------------------------------------+
; Port Connectivity Checks: "restador_completo:restador"                                                                                                                                                           ;
+---------+--------+----------+------------------------------------------------------------------------------------------------------------------------------------------------------------------------------------+
; Port    ; Type   ; Severity ; Details                                                                                                                                                                            ;
+---------+--------+----------+------------------------------------------------------------------------------------------------------------------------------------------------------------------------------------+
; cin     ; Input  ; Warning  ; Input port expression (32 bits) is wider than the input port (1 bits) it drives.  The 31 most-significant bit(s) in the expression will be dangling if they have no other fanouts. ;
; cin[-1] ; Input  ; Info     ; Stuck at GND                                                                                                                                                                       ;
; cout    ; Output ; Info     ; Connected to dangling logic. Logic that only feeds a dangling port will be removed.                                                                                                ;
+---------+--------+----------+------------------------------------------------------------------------------------------------------------------------------------------------------------------------------------+


+------------------------------------------------------------------------------------------------------------------------------------------------------------------------------------------------------------------+
; Port Connectivity Checks: "sumador_completo:sumador"                                                                                                                                                             ;
+---------+--------+----------+------------------------------------------------------------------------------------------------------------------------------------------------------------------------------------+
; Port    ; Type   ; Severity ; Details                                                                                                                                                                            ;
+---------+--------+----------+------------------------------------------------------------------------------------------------------------------------------------------------------------------------------------+
; cin     ; Input  ; Warning  ; Input port expression (32 bits) is wider than the input port (1 bits) it drives.  The 31 most-significant bit(s) in the expression will be dangling if they have no other fanouts. ;
; cin[-1] ; Input  ; Info     ; Stuck at GND                                                                                                                                                                       ;
; cout    ; Output ; Info     ; Connected to dangling logic. Logic that only feeds a dangling port will be removed.                                                                                                ;
+---------+--------+----------+------------------------------------------------------------------------------------------------------------------------------------------------------------------------------------+


+-------------------------------------------+
; Port Connectivity Checks: "Counter:timer" ;
+------+-------+----------+-----------------+
; Port ; Type  ; Severity ; Details         ;
+------+-------+----------+-----------------+
; en   ; Input ; Info     ; Stuck at VCC    ;
+------+-------+----------+-----------------+


+---------------------------------+
; Analysis & Elaboration Messages ;
+---------------------------------+
Info: *******************************************************************
Info: Running Quartus Prime Analysis & Elaboration
    Info: Version 20.1.1 Build 720 11/11/2020 SJ Lite Edition
    Info: Processing started: Thu Oct 07 00:16:12 2021
Info: Command: quartus_map --read_settings_files=on --write_settings_files=off laboratorio4 -c laboratorio4 --analysis_and_elaboration
Warning (18236): Number of processors has not been specified which may cause overloading on shared machines.  Set the global assignment NUM_PARALLEL_PROCESSORS in your QSF to an appropriate value for best performance.
Info (20030): Parallel compilation is enabled and will use 6 of the 6 processors detected
Info (12021): Found 1 design units, including 1 entities, in source file segment7_deco.sv
    Info (12023): Found entity 1: segment7_deco File: C:/Users/samas/Documents/GitHub/Taller-de-Diseno-Gr14/Laboratorio-4/segment7_deco.sv Line: 3
Info (12021): Found 1 design units, including 1 entities, in source file bin2bcd.sv
    Info (12023): Found entity 1: bin2bcd File: C:/Users/samas/Documents/GitHub/Taller-de-Diseno-Gr14/Laboratorio-4/bin2bcd.sv Line: 3
Info (12021): Found 1 design units, including 1 entities, in source file register.sv
    Info (12023): Found entity 1: Register File: C:/Users/samas/Documents/GitHub/Taller-de-Diseno-Gr14/Laboratorio-4/Register.sv Line: 5
Info (12021): Found 1 design units, including 1 entities, in source file counter.sv
    Info (12023): Found entity 1: Counter File: C:/Users/samas/Documents/GitHub/Taller-de-Diseno-Gr14/Laboratorio-4/Counter.sv Line: 5
Info (12021): Found 1 design units, including 1 entities, in source file comparator_mayor_equal.sv
    Info (12023): Found entity 1: Comparator_mayor_equal File: C:/Users/samas/Documents/GitHub/Taller-de-Diseno-Gr14/Laboratorio-4/Comparator_mayor_equal.sv Line: 7
Info (12021): Found 1 design units, including 1 entities, in source file sumador_completo.sv
    Info (12023): Found entity 1: sumador_completo File: C:/Users/samas/Documents/GitHub/Taller-de-Diseno-Gr14/Laboratorio-4/sumador_completo.sv Line: 6
Info (12021): Found 1 design units, including 1 entities, in source file restador_completo.sv
    Info (12023): Found entity 1: restador_completo File: C:/Users/samas/Documents/GitHub/Taller-de-Diseno-Gr14/Laboratorio-4/restador_completo.sv Line: 6
Info (12021): Found 1 design units, including 1 entities, in source file cloks.sv
    Info (12023): Found entity 1: Cloks File: C:/Users/samas/Documents/GitHub/Taller-de-Diseno-Gr14/Laboratorio-4/Cloks.sv Line: 6
Info (12021): Found 1 design units, including 1 entities, in source file calculo_tiempo_ingrediente.sv
    Info (12023): Found entity 1: calculo_tiempo_ingrediente File: C:/Users/samas/Documents/GitHub/Taller-de-Diseno-Gr14/Laboratorio-4/calculo_tiempo_ingrediente.sv Line: 3
Info (12021): Found 1 design units, including 1 entities, in source file counter_5.sv
    Info (12023): Found entity 1: Counter_5 File: C:/Users/samas/Documents/GitHub/Taller-de-Diseno-Gr14/Laboratorio-4/Counter_5.sv Line: 6
Info (12021): Found 1 design units, including 1 entities, in source file mux_2_to_1.sv
    Info (12023): Found entity 1: Mux_2_to_1 File: C:/Users/samas/Documents/GitHub/Taller-de-Diseno-Gr14/Laboratorio-4/Mux_2_to_1.sv Line: 5
Info (12021): Found 1 design units, including 1 entities, in source file maquina_cafe.sv
    Info (12023): Found entity 1: maquina_cafe File: C:/Users/samas/Documents/GitHub/Taller-de-Diseno-Gr14/Laboratorio-4/maquina_cafe.sv Line: 3
Info (12021): Found 1 design units, including 1 entities, in source file divisorfrectuencia_tb.sv
    Info (12023): Found entity 1: divisorFrectuencia_tb File: C:/Users/samas/Documents/GitHub/Taller-de-Diseno-Gr14/Laboratorio-4/divisorFrectuencia_tb.sv Line: 3
Info (12021): Found 1 design units, including 1 entities, in source file fsm.sv
    Info (12023): Found entity 1: FSM File: C:/Users/samas/Documents/GitHub/Taller-de-Diseno-Gr14/Laboratorio-4/FSM.sv Line: 3
Info (12021): Found 1 design units, including 1 entities, in source file maquina_cafe_teorica.sv
    Info (12023): Found entity 1: maquina_cafe_teorica File: C:/Users/samas/Documents/GitHub/Taller-de-Diseno-Gr14/Laboratorio-4/maquina_cafe_teorica.sv Line: 3
Info (12021): Found 1 design units, including 1 entities, in source file maquina_tb_prueba.sv
    Info (12023): Found entity 1: maquina_tb_prueba File: C:/Users/samas/Documents/GitHub/Taller-de-Diseno-Gr14/Laboratorio-4/maquina_tb_prueba.sv Line: 3
Info (12127): Elaborating entity "maquina_cafe" for the top level hierarchy
Info (12128): Elaborating entity "Cloks" for hierarchy "Cloks:divisorFrecuencia" File: C:/Users/samas/Documents/GitHub/Taller-de-Diseno-Gr14/Laboratorio-4/maquina_cafe.sv Line: 25
Warning (10230): Verilog HDL assignment warning at Cloks.sv(16): truncated value with size 32 to match size of target (25) File: C:/Users/samas/Documents/GitHub/Taller-de-Diseno-Gr14/Laboratorio-4/Cloks.sv Line: 16
Info (12128): Elaborating entity "Counter" for hierarchy "Counter:timer" File: C:/Users/samas/Documents/GitHub/Taller-de-Diseno-Gr14/Laboratorio-4/maquina_cafe.sv Line: 27
Warning (10230): Verilog HDL assignment warning at Counter.sv(14): truncated value with size 32 to match size of target (8) File: C:/Users/samas/Documents/GitHub/Taller-de-Diseno-Gr14/Laboratorio-4/Counter.sv Line: 14
Info (12128): Elaborating entity "Counter_5" for hierarchy "Counter_5:monedasQuinientos" File: C:/Users/samas/Documents/GitHub/Taller-de-Diseno-Gr14/Laboratorio-4/maquina_cafe.sv Line: 31
Warning (10230): Verilog HDL assignment warning at Counter_5.sv(15): truncated value with size 32 to match size of target (8) File: C:/Users/samas/Documents/GitHub/Taller-de-Diseno-Gr14/Laboratorio-4/Counter_5.sv Line: 15
Info (12128): Elaborating entity "sumador_completo" for hierarchy "sumador_completo:sumador" File: C:/Users/samas/Documents/GitHub/Taller-de-Diseno-Gr14/Laboratorio-4/maquina_cafe.sv Line: 33
Info (12128): Elaborating entity "restador_completo" for hierarchy "restador_completo:restador" File: C:/Users/samas/Documents/GitHub/Taller-de-Diseno-Gr14/Laboratorio-4/maquina_cafe.sv Line: 35
Info (12128): Elaborating entity "Mux_2_to_1" for hierarchy "Mux_2_to_1:mux21" File: C:/Users/samas/Documents/GitHub/Taller-de-Diseno-Gr14/Laboratorio-4/maquina_cafe.sv Line: 37
Info (12128): Elaborating entity "Register" for hierarchy "Register:state_reg" File: C:/Users/samas/Documents/GitHub/Taller-de-Diseno-Gr14/Laboratorio-4/maquina_cafe.sv Line: 39
Info (12128): Elaborating entity "Comparator_mayor_equal" for hierarchy "Comparator_mayor_equal:precioExpreso" File: C:/Users/samas/Documents/GitHub/Taller-de-Diseno-Gr14/Laboratorio-4/maquina_cafe.sv Line: 42
Info (12128): Elaborating entity "calculo_tiempo_ingrediente" for hierarchy "calculo_tiempo_ingrediente:calculoTiempo" File: C:/Users/samas/Documents/GitHub/Taller-de-Diseno-Gr14/Laboratorio-4/maquina_cafe.sv Line: 54
Warning (10235): Verilog HDL Always Construct warning at calculo_tiempo_ingrediente.sv(11): variable "bebida" is read inside the Always Construct but isn't in the Always Construct's Event Control File: C:/Users/samas/Documents/GitHub/Taller-de-Diseno-Gr14/Laboratorio-4/calculo_tiempo_ingrediente.sv Line: 11
Warning (10235): Verilog HDL Always Construct warning at calculo_tiempo_ingrediente.sv(19): variable "bebida" is read inside the Always Construct but isn't in the Always Construct's Event Control File: C:/Users/samas/Documents/GitHub/Taller-de-Diseno-Gr14/Laboratorio-4/calculo_tiempo_ingrediente.sv Line: 19
Warning (10235): Verilog HDL Always Construct warning at calculo_tiempo_ingrediente.sv(21): variable "bebida" is read inside the Always Construct but isn't in the Always Construct's Event Control File: C:/Users/samas/Documents/GitHub/Taller-de-Diseno-Gr14/Laboratorio-4/calculo_tiempo_ingrediente.sv Line: 21
Warning (10235): Verilog HDL Always Construct warning at calculo_tiempo_ingrediente.sv(29): variable "bebida" is read inside the Always Construct but isn't in the Always Construct's Event Control File: C:/Users/samas/Documents/GitHub/Taller-de-Diseno-Gr14/Laboratorio-4/calculo_tiempo_ingrediente.sv Line: 29
Warning (10235): Verilog HDL Always Construct warning at calculo_tiempo_ingrediente.sv(31): variable "bebida" is read inside the Always Construct but isn't in the Always Construct's Event Control File: C:/Users/samas/Documents/GitHub/Taller-de-Diseno-Gr14/Laboratorio-4/calculo_tiempo_ingrediente.sv Line: 31
Warning (10235): Verilog HDL Always Construct warning at calculo_tiempo_ingrediente.sv(38): variable "bebida" is read inside the Always Construct but isn't in the Always Construct's Event Control File: C:/Users/samas/Documents/GitHub/Taller-de-Diseno-Gr14/Laboratorio-4/calculo_tiempo_ingrediente.sv Line: 38
Info (12128): Elaborating entity "FSM" for hierarchy "FSM:control" File: C:/Users/samas/Documents/GitHub/Taller-de-Diseno-Gr14/Laboratorio-4/maquina_cafe.sv Line: 64
Info (12128): Elaborating entity "bin2bcd" for hierarchy "bin2bcd:bcd_deco" File: C:/Users/samas/Documents/GitHub/Taller-de-Diseno-Gr14/Laboratorio-4/maquina_cafe.sv Line: 69
Warning (10230): Verilog HDL assignment warning at bin2bcd.sv(21): truncated value with size 32 to match size of target (4) File: C:/Users/samas/Documents/GitHub/Taller-de-Diseno-Gr14/Laboratorio-4/bin2bcd.sv Line: 21
Warning (10230): Verilog HDL assignment warning at bin2bcd.sv(27): truncated value with size 32 to match size of target (4) File: C:/Users/samas/Documents/GitHub/Taller-de-Diseno-Gr14/Laboratorio-4/bin2bcd.sv Line: 27
Warning (10230): Verilog HDL assignment warning at bin2bcd.sv(29): truncated value with size 32 to match size of target (4) File: C:/Users/samas/Documents/GitHub/Taller-de-Diseno-Gr14/Laboratorio-4/bin2bcd.sv Line: 29
Info (12128): Elaborating entity "segment7_deco" for hierarchy "segment7_deco:seg1" File: C:/Users/samas/Documents/GitHub/Taller-de-Diseno-Gr14/Laboratorio-4/maquina_cafe.sv Line: 70
Warning (12241): 7 hierarchies have connectivity warnings - see the Connectivity Checks report folder
Info: Quartus Prime Analysis & Elaboration was successful. 0 errors, 14 warnings
    Info: Peak virtual memory: 4758 megabytes
    Info: Processing ended: Thu Oct 07 00:16:19 2021
    Info: Elapsed time: 00:00:07
    Info: Total CPU time (on all processors): 00:00:16


